// Jest Snapshot v1, https://goo.gl/fbAQLP

exports[`<Register /> renders correctly 1`] = `
[
  <Modal
    animationType="none"
    deviceHeight={null}
    deviceWidth={null}
    hardwareAccelerated={false}
    hideModalContentWhileAnimating={false}
    onBackdropPress={[Function]}
    onModalHide={[Function]}
    onModalWillHide={[Function]}
    onModalWillShow={[Function]}
    onRequestClose={[Function]}
    onSwipeComplete={[Function]}
    onTouchEnd={[Function]}
    onTouchStart={[Function]}
    panResponderThreshold={4}
    scrollHorizontal={false}
    scrollOffset={0}
    scrollOffsetMax={0}
    scrollTo={null}
    statusBarTranslucent={false}
    supportedOrientations={
      [
        "portrait",
        "landscape",
      ]
    }
    swipeDirection={
      [
        "up",
        "down",
        "left",
        "right",
      ]
    }
    swipeThreshold={100}
    transparent={true}
    visible={false}
  />,
  <Image
    source={1}
    style={
      {
        "zIndex": -1,
      }
    }
  />,
  <View>
    <View
      style={
        [
          {
            "backgroundColor": "black",
            "borderRadius": 68,
            "height": 136,
            "width": 136,
          },
          {
            "alignItems": "center",
            "justifyContent": "center",
          },
          {
            "marginLeft": "auto",
            "marginRight": "auto",
            "marginTop": -200,
          },
        ]
      }
    >
      <Text />
    </View>
    <Text
      style={
        [
          {
            "fontFamily": "System",
            "fontSize": 16,
            "fontWeight": "500",
            "letterSpacing": 0.15,
            "lineHeight": 24,
          },
          {
            "textAlign": "left",
          },
          {
            "color": "rgba(28, 27, 31, 1)",
            "writingDirection": "ltr",
          },
          {
            "color": "white",
            "fontWeight": 300,
            "marginLeft": "auto",
            "marginRight": "auto",
          },
        ]
      }
    >
      Kullanıcı Adı
    </Text>
    <View
      style={
        {
          "borderColor": "white",
          "marginBottom": 10,
          "marginLeft": "auto",
          "marginRight": "auto",
          "width": 300,
        }
      }
    >
      <View
        pointerEvents="none"
        style={
          [
            {
              "bottom": 0,
              "left": 0,
              "position": "absolute",
              "right": 0,
              "top": 6,
            },
            {
              "backgroundColor": "rgba(255, 251, 254, 1)",
              "borderColor": "white",
              "borderRadius": 4,
              "borderWidth": 1,
            },
            undefined,
          ]
        }
        testID="text-input-outline"
      />
      <View>
        <View
          style={
            [
              {
                "paddingBottom": 0,
              },
              {
                "minHeight": 40,
                "paddingTop": 8,
              },
            ]
          }
        >
          <TextInput
            editable={true}
            maxFontSizeMultiplier={1.5}
            multiline={false}
            onBlur={[Function]}
            onChangeText={[Function]}
            onFocus={[Function]}
            placeholderTextColor="rgba(73, 69, 79, 1)"
            selectionColor="rgba(103, 80, 164, 1)"
            style={
              [
                {
                  "margin": 0,
                  "zIndex": 1,
                },
                {
                  "height": 40,
                },
                {
                  "paddingBottom": 12,
                  "paddingTop": 12,
                },
                {
                  "color": "rgba(28, 27, 31, 1)",
                  "fontFamily": "System",
                  "fontSize": 16,
                  "fontWeight": undefined,
                  "letterSpacing": 0.15,
                  "lineHeight": undefined,
                  "paddingHorizontal": 16,
                  "textAlign": "left",
                  "textAlignVertical": "center",
                },
                false,
                [
                  {},
                ],
                undefined,
              ]
            }
            testID="text-input-outlined"
            underlineColorAndroid="transparent"
            value=""
          />
        </View>
      </View>
    </View>
    <Text
      style={
        [
          {
            "fontFamily": "System",
            "fontSize": 16,
            "fontWeight": "500",
            "letterSpacing": 0.15,
            "lineHeight": 24,
          },
          {
            "textAlign": "left",
          },
          {
            "color": "rgba(28, 27, 31, 1)",
            "writingDirection": "ltr",
          },
          {
            "color": "white",
            "fontWeight": 300,
            "marginLeft": "auto",
            "marginRight": "auto",
          },
        ]
      }
    >
      Şifre
    </Text>
    <View
      style={
        {
          "borderColor": "white",
          "marginBottom": 10,
          "marginLeft": "auto",
          "marginRight": "auto",
          "width": 300,
        }
      }
    >
      <View
        pointerEvents="none"
        style={
          [
            {
              "bottom": 0,
              "left": 0,
              "position": "absolute",
              "right": 0,
              "top": 6,
            },
            {
              "backgroundColor": "rgba(255, 251, 254, 1)",
              "borderColor": "white",
              "borderRadius": 4,
              "borderWidth": 1,
            },
            undefined,
          ]
        }
        testID="text-input-outline"
      />
      <View>
        <View
          style={
            [
              {
                "paddingBottom": 0,
              },
              {
                "minHeight": 40,
                "paddingTop": 8,
              },
            ]
          }
        >
          <TextInput
            editable={true}
            maxFontSizeMultiplier={1.5}
            multiline={false}
            onBlur={[Function]}
            onChangeText={[Function]}
            onFocus={[Function]}
            placeholderTextColor="rgba(73, 69, 79, 1)"
            secureTextEntry={true}
            selectionColor="rgba(103, 80, 164, 1)"
            style={
              [
                {
                  "margin": 0,
                  "zIndex": 1,
                },
                {
                  "height": 40,
                },
                {
                  "paddingBottom": 12,
                  "paddingTop": 12,
                },
                {
                  "color": "rgba(28, 27, 31, 1)",
                  "fontFamily": "System",
                  "fontSize": 16,
                  "fontWeight": undefined,
                  "letterSpacing": 0.15,
                  "lineHeight": undefined,
                  "paddingHorizontal": 16,
                  "textAlign": "left",
                  "textAlignVertical": "center",
                },
                false,
                {
                  "marginRight": 56,
                  "paddingRight": 0,
                },
                undefined,
              ]
            }
            testID="text-input-outlined"
            underlineColorAndroid="transparent"
            value=""
          />
        </View>
        <View
          style={
            [
              {
                "alignItems": "center",
                "height": 24,
                "justifyContent": "center",
                "position": "absolute",
                "width": 24,
              },
              {
                "right": 16,
                "top": 11,
              },
            ]
          }
        >
          <View
            collapsable={false}
            style={
              {
                "backgroundColor": "transparent",
                "borderRadius": 17,
                "height": 34,
                "margin": 6,
                "marginBottom": "auto",
                "marginLeft": "auto",
                "marginRight": "auto",
                "marginTop": "auto",
                "shadowColor": "#000",
                "shadowOffset": {
                  "height": 0,
                  "width": 0,
                },
                "shadowOpacity": 0,
                "shadowRadius": 0,
                "width": 34,
              }
            }
            testID="right-icon-adornment-container-outer-layer"
          >
            <View
              collapsable={false}
              style={
                {
                  "backgroundColor": "transparent",
                  "borderColor": "rgba(121, 116, 126, 1)",
                  "borderRadius": 17,
                  "borderWidth": 0,
                  "elevation": 0,
                  "flex": 1,
                  "overflow": "hidden",
                  "shadowColor": "#000",
                  "shadowOffset": {
                    "height": 0,
                    "width": 0,
                  },
                  "shadowOpacity": 0,
                  "shadowRadius": 0,
                }
              }
              testID="right-icon-adornment-container"
            >
              <View
                accessibilityComponentType="button"
                accessibilityRole="button"
                accessibilityState={
                  {
                    "busy": undefined,
                    "checked": undefined,
                    "disabled": false,
                    "expanded": undefined,
                    "selected": undefined,
                  }
                }
                accessibilityTraits="button"
                accessibilityValue={
                  {
                    "max": undefined,
                    "min": undefined,
                    "now": undefined,
                    "text": undefined,
                  }
                }
                accessible={true}
                centered={true}
                collapsable={false}
                focusable={true}
                hitSlop={
                  {
                    "bottom": 6,
                    "left": 6,
                    "right": 6,
                    "top": 6,
                  }
                }
                onBlur={[Function]}
                onClick={[Function]}
                onFocus={[Function]}
                onResponderGrant={[Function]}
                onResponderMove={[Function]}
                onResponderRelease={[Function]}
                onResponderTerminate={[Function]}
                onResponderTerminationRequest={[Function]}
                onStartShouldSetResponder={[Function]}
                style={
                  [
                    {
                      "overflow": "hidden",
                    },
                    [
                      {
                        "alignItems": "center",
                        "flexGrow": 1,
                        "justifyContent": "center",
                      },
                      {
                        "borderRadius": 17,
                      },
                    ],
                  ]
                }
                testID="right-icon-adornment"
              >
                <Text />
              </View>
            </View>
          </View>
        </View>
      </View>
    </View>
    <View
      collapsable={false}
      style={
        {
          "backgroundColor": "rgba(50, 47, 55, 1)",
          "borderRadius": 20,
          "marginLeft": "auto",
          "marginRight": "auto",
          "shadowColor": "#000",
          "shadowOffset": {
            "height": 0,
            "width": 0,
          },
          "shadowOpacity": 0,
          "shadowRadius": 0,
          "width": 150,
        }
      }
      testID="button-container-outer-layer"
    >
      <View
        collapsable={false}
        style={
          {
            "backgroundColor": "rgba(50, 47, 55, 1)",
            "borderColor": "transparent",
            "borderRadius": 20,
            "borderStyle": "solid",
            "borderWidth": 0,
            "flex": undefined,
            "minWidth": 64,
            "shadowColor": "#000",
            "shadowOffset": {
              "height": 0,
              "width": 0,
            },
            "shadowOpacity": 0,
            "shadowRadius": 0,
          }
        }
        testID="button-container"
      >
        <View
          accessibilityRole="button"
          accessibilityState={
            {
              "busy": undefined,
              "checked": undefined,
              "disabled": false,
              "expanded": undefined,
              "selected": undefined,
            }
          }
          accessibilityValue={
            {
              "max": undefined,
              "min": undefined,
              "now": undefined,
              "text": undefined,
            }
          }
          accessible={true}
          collapsable={false}
          focusable={true}
          onBlur={[Function]}
          onClick={[Function]}
          onFocus={[Function]}
          onResponderGrant={[Function]}
          onResponderMove={[Function]}
          onResponderRelease={[Function]}
          onResponderTerminate={[Function]}
          onResponderTerminationRequest={[Function]}
          onStartShouldSetResponder={[Function]}
          style={
            [
              {
                "overflow": "hidden",
              },
              {
                "borderRadius": 20,
              },
            ]
          }
          testID="button"
        >
          <View
            style={
              [
                {
                  "alignItems": "center",
                  "flexDirection": "row",
                  "justifyContent": "center",
                },
                undefined,
              ]
            }
          >
            <View
              style={
                [
                  {
                    "marginLeft": 12,
                    "marginRight": -4,
                  },
                  {
                    "marginLeft": 16,
                    "marginRight": -16,
                  },
                  false,
                ]
              }
              testID="button-icon-container"
            >
              <Text />
            </View>
            <Text
              numberOfLines={1}
              selectable={false}
              style={
                [
                  {
                    "fontFamily": "System",
                    "fontSize": 14,
                    "fontWeight": "500",
                    "letterSpacing": 0.1,
                    "lineHeight": 20,
                  },
                  {
                    "textAlign": "left",
                  },
                  {
                    "color": "rgba(28, 27, 31, 1)",
                    "writingDirection": "ltr",
                  },
                  [
                    {
                      "marginHorizontal": 16,
                      "marginVertical": 9,
                      "textAlign": "center",
                    },
                    false,
                    {
                      "marginHorizontal": 24,
                      "marginVertical": 10,
                    },
                    undefined,
                    false,
                    {
                      "color": "rgba(255, 255, 255, 1)",
                      "fontFamily": "System",
                      "fontSize": 14,
                      "fontWeight": "500",
                      "letterSpacing": 0.1,
                      "lineHeight": 20,
                    },
                    undefined,
                  ],
                ]
              }
              testID="button-text"
            >
              Kayıt ol
            </Text>
          </View>
        </View>
      </View>
    </View>
    <View
      collapsable={false}
      style={
        {
          "backgroundColor": "transparent",
          "borderRadius": 20,
          "marginLeft": "auto",
          "marginRight": "auto",
          "marginTop": 10,
          "shadowColor": "#000",
          "shadowOffset": {
            "height": 0,
            "width": 0,
          },
          "shadowOpacity": 0,
          "shadowRadius": 0,
          "width": 150,
        }
      }
      testID="button-container-outer-layer"
    >
      <View
        collapsable={false}
        style={
          {
            "backgroundColor": "transparent",
            "borderColor": "transparent",
            "borderRadius": 20,
            "borderStyle": "solid",
            "borderWidth": 0,
            "flex": undefined,
            "minWidth": 64,
            "shadowColor": "#000",
            "shadowOffset": {
              "height": 0,
              "width": 0,
            },
            "shadowOpacity": 0,
            "shadowRadius": 0,
          }
        }
        testID="button-container"
      >
        <View
          accessibilityRole="button"
          accessibilityState={
            {
              "busy": undefined,
              "checked": undefined,
              "disabled": false,
              "expanded": undefined,
              "selected": undefined,
            }
          }
          accessibilityValue={
            {
              "max": undefined,
              "min": undefined,
              "now": undefined,
              "text": undefined,
            }
          }
          accessible={true}
          collapsable={false}
          focusable={true}
          onBlur={[Function]}
          onClick={[Function]}
          onFocus={[Function]}
          onResponderGrant={[Function]}
          onResponderMove={[Function]}
          onResponderRelease={[Function]}
          onResponderTerminate={[Function]}
          onResponderTerminationRequest={[Function]}
          onStartShouldSetResponder={[Function]}
          style={
            [
              {
                "overflow": "hidden",
              },
              {
                "borderRadius": 20,
              },
            ]
          }
          testID="button"
        >
          <View
            style={
              [
                {
                  "alignItems": "center",
                  "flexDirection": "row",
                  "justifyContent": "center",
                },
                undefined,
              ]
            }
          >
            <View
              style={
                [
                  {
                    "marginLeft": 12,
                    "marginRight": -4,
                  },
                  {
                    "marginLeft": 16,
                    "marginRight": -16,
                  },
                  {
                    "marginLeft": 12,
                    "marginRight": -8,
                  },
                ]
              }
              testID="button-icon-container"
            >
              <Text />
            </View>
            <Text
              numberOfLines={1}
              selectable={false}
              style={
                [
                  {
                    "fontFamily": "System",
                    "fontSize": 14,
                    "fontWeight": "500",
                    "letterSpacing": 0.1,
                    "lineHeight": 20,
                  },
                  {
                    "textAlign": "left",
                  },
                  {
                    "color": "rgba(28, 27, 31, 1)",
                    "writingDirection": "ltr",
                  },
                  [
                    {
                      "marginHorizontal": 16,
                      "marginVertical": 9,
                      "textAlign": "center",
                    },
                    false,
                    {
                      "marginHorizontal": 16,
                    },
                    undefined,
                    false,
                    {
                      "color": "white",
                      "fontFamily": "System",
                      "fontSize": 14,
                      "fontWeight": "500",
                      "letterSpacing": 0.1,
                      "lineHeight": 20,
                    },
                    undefined,
                  ],
                ]
              }
              testID="button-text"
            >
              Geri Dön
            </Text>
          </View>
        </View>
      </View>
    </View>
  </View>,
  <Image
    source={1}
    style={
      {
        "zIndex": -1,
      }
    }
  />,
]
`;
